# jiffy	clock	event	detail
0	0:0:6.2.5	INIT	level=0 row=16 col=11 dir=N second=6
1	0:0:6.3.0	TASK	run PLAYER
1	0:0:6.3.0	TASK	run LUKNEW
1	0:0:6.3.0	TASK	run HSLOW
1	0:0:6.3.0	TASK	run BURNER
1	0:0:6.3.0	TASK	run CREGEN
2	0:0:6.3.0	QUEUE	ready PLAYER
2	0:0:6.3.1	TASK	run PLAYER
3	0:0:6.3.1	QUEUE	ready PLAYER
3	0:0:6.3.2	TASK	run PLAYER
4	0:0:6.3.2	QUEUE	ready PLAYER
4	0:0:6.3.3	TASK	run PLAYER
5	0:0:6.3.3	QUEUE	ready PLAYER
5	0:0:6.3.4	TASK	run PLAYER
6	0:0:6.3.4	QUEUE	ready PLAYER
6	0:0:6.3.5	TASK	run PLAYER
7	0:0:6.3.5	QUEUE	ready PLAYER
7	0:0:6.4.0	TASK	run PLAYER
7	0:0:6.4.0	LINE	"MOVE"
7	0:0:6.4.0	MOVE	row=15 col=11 dir=N ok=1
7	0:0:6.4.0	EXERT	damage=7 heart_rate=40
8	0:0:6.4.0	QUEUE	ready PLAYER
8	0:0:6.4.1	SYNC	display swap
9	0:0:6.4.2	TASK	run PLAYER
10	0:0:6.4.2	QUEUE	ready PLAYER
10	0:0:6.4.3	TASK	run PLAYER
11	0:0:6.4.3	QUEUE	ready PLAYER
11	0:0:6.4.4	TASK	run PLAYER
12	0:0:6.4.4	QUEUE	ready PLAYER
12	0:0:6.4.5	TASK	run PLAYER
13	0:0:6.4.5	QUEUE	ready PLAYER
13	0:0:6.5.0	TASK	run PLAYER
14	0:0:6.5.0	QUEUE	ready PLAYER
14	0:0:6.5.1	TASK	run PLAYER
14	0:0:6.5.1	LINE	"MOVE"
14	0:0:6.5.1	MOVE	row=14 col=11 dir=N ok=1
14	0:0:6.5.1	EXERT	damage=14 heart_rate=36
15	0:0:6.5.1	QUEUE	ready PLAYER
15	0:0:6.5.2	SYNC	display swap
16	0:0:6.5.3	TASK	run PLAYER
17	0:0:6.5.3	QUEUE	ready PLAYER
17	0:0:6.5.4	TASK	run PLAYER
18	0:0:6.5.4	QUEUE	ready PLAYER
18	0:0:6.5.5	TASK	run PLAYER
19	0:0:6.5.5	QUEUE	ready PLAYER
19	0:0:6.5.0	QUEUE	ready LUKNEW
19	0:0:6.6.0	TASK	run PLAYER
19	0:0:6.6.0	TASK	run LUKNEW
20	0:0:6.6.0	QUEUE	ready PLAYER
20	0:0:6.6.1	TASK	run PLAYER
21	0:0:6.6.1	QUEUE	ready PLAYER
21	0:0:6.6.2	TASK	run PLAYER
21	0:0:6.6.2	LINE	"MOVE"
21	0:0:6.6.2	MOVE	row=13 col=11 dir=N ok=1
21	0:0:6.6.2	EXERT	damage=21 heart_rate=32
22	0:0:6.6.2	QUEUE	ready PLAYER
22	0:0:6.6.3	SYNC	display swap
23	0:0:6.6.4	TASK	run PLAYER
24	0:0:6.6.4	QUEUE	ready PLAYER
24	0:0:6.6.5	TASK	run PLAYER
25	0:0:6.6.5	QUEUE	ready PLAYER
25	0:0:6.7.0	TASK	run PLAYER
26	0:0:6.7.0	QUEUE	ready PLAYER
26	0:0:6.7.1	TASK	run PLAYER
27	0:0:6.7.1	QUEUE	ready PLAYER
27	0:0:6.7.2	TASK	run PLAYER
28	0:0:6.7.2	QUEUE	ready PLAYER
28	0:0:6.7.3	TASK	run PLAYER
28	0:0:6.7.3	LINE	"MOVE"
28	0:0:6.7.3	MOVE	row=12 col=11 dir=N ok=1
28	0:0:6.7.3	EXERT	damage=28 heart_rate=29
29	0:0:6.7.3	QUEUE	ready PLAYER
29	0:0:6.7.4	SYNC	display swap
30	0:0:6.7.5	TASK	run PLAYER
31	0:0:6.7.5	QUEUE	ready PLAYER
31	0:0:6.8.0	TASK	run PLAYER
32	0:0:6.8.0	QUEUE	ready PLAYER
32	0:0:6.8.1	TASK	run PLAYER
33	0:0:6.8.1	QUEUE	ready PLAYER
33	0:0:6.8.2	TASK	run PLAYER
34	0:0:6.8.2	QUEUE	ready PLAYER
34	0:0:6.8.3	TASK	run PLAYER
35	0:0:6.8.3	QUEUE	ready PLAYER
35	0:0:6.8.4	TASK	run PLAYER
36	0:0:6.8.4	QUEUE	ready PLAYER
36	0:0:6.8.5	TASK	run PLAYER
37	0:0:6.8.5	QUEUE	ready PLAYER
37	0:0:6.8.0	QUEUE	ready LUKNEW
37	0:0:6.9.0	TASK	run PLAYER
37	0:0:6.9.0	TASK	run LUKNEW
38	0:0:6.9.0	QUEUE	ready PLAYER
38	0:0:6.9.1	TASK	run PLAYER
39	0:0:6.9.1	QUEUE	ready PLAYER
39	0:0:6.9.2	TASK	run PLAYER
40	0:0:6.9.2	QUEUE	ready PLAYER
40	0:0:6.9.3	TASK	run PLAYER
40	0:0:6.9.3	LINE	"TURN LEFT"
40	0:0:6.9.3	TURN	dir=W
41	0:0:6.9.3	QUEUE	ready PLAYER
41	0:0:6.9.4	SYNC	display swap
42	0:0:6.9.5	TASK	run PLAYER
43	0:0:6.9.5	QUEUE	ready PLAYER
43	0:0:7.0.0	TASK	run PLAYER
44	0:0:7.0.0	QUEUE	ready PLAYER
44	0:0:7.0.1	TASK	run PLAYER
45	0:0:7.0.1	QUEUE	ready PLAYER
45	0:0:7.0.2	TASK	run PLAYER
46	0:0:7.0.2	QUEUE	ready PLAYER
46	0:0:7.0.3	TASK	run PLAYER
47	0:0:7.0.3	QUEUE	ready HSLOW
47	0:0:7.0.3	QUEUE	ready PLAYER
47	0:0:7.0.4	TASK	run HSLOW
47	0:0:7.0.4	TASK	run PLAYER
47	0:0:7.0.4	LINE	"MOVE"
47	0:0:7.0.4	MOVE	row=12 col=10 dir=W ok=1
47	0:0:7.0.4	EXERT	damage=35 heart_rate=26
48	0:0:7.0.4	QUEUE	ready PLAYER
48	0:0:7.0.5	SYNC	display swap
49	0:0:7.1.0	TASK	run PLAYER
50	0:0:7.1.0	QUEUE	ready PLAYER
50	0:0:7.1.1	TASK	run PLAYER
51	0:0:7.1.1	QUEUE	ready PLAYER
51	0:0:7.1.2	TASK	run PLAYER
52	0:0:7.1.2	QUEUE	ready PLAYER
52	0:0:7.1.3	TASK	run PLAYER
53	0:0:7.1.3	QUEUE	ready PLAYER
53	0:0:7.1.4	TASK	run PLAYER
54	0:0:7.1.4	QUEUE	ready PLAYER
54	0:0:7.1.5	TASK	run PLAYER
54	0:0:7.1.5	LINE	"MOVE"
54	0:0:7.1.5	MOVE	row=12 col=9 dir=W ok=1
54	0:0:7.1.5	EXERT	damage=42 heart_rate=23
55	0:0:7.1.5	QUEUE	ready PLAYER
55	0:0:7.1.0	QUEUE	ready LUKNEW
55	0:0:7.2.0	SYNC	display swap
56	0:0:7.2.1	TASK	run PLAYER
56	0:0:7.2.1	TASK	run LUKNEW
57	0:0:7.2.1	QUEUE	ready PLAYER
57	0:0:7.2.2	TASK	run PLAYER
58	0:0:7.2.2	QUEUE	ready PLAYER
58	0:0:7.2.3	TASK	run PLAYER
59	0:0:7.2.3	QUEUE	ready PLAYER
59	0:0:7.2.4	TASK	run PLAYER
60	0:0:7.2.4	QUEUE	ready PLAYER
60	0:0:7.2.5	TASK	run PLAYER
61	0:0:7.2.5	QUEUE	ready PLAYER
61	0:0:7.3.0	TASK	run PLAYER
62	0:0:7.3.0	QUEUE	ready PLAYER
62	0:0:7.3.1	TASK	run PLAYER
63	0:0:7.3.1	QUEUE	ready PLAYER
63	0:0:7.3.2	TASK	run PLAYER
64	0:0:7.3.2	QUEUE	ready PLAYER
64	0:0:7.3.3	TASK	run PLAYER
65	0:0:7.3.3	QUEUE	ready PLAYER
65	0:0:7.3.4	TASK	run PLAYER
66	0:0:7.3.4	QUEUE	ready PLAYER
66	0:0:7.3.5	TASK	run PLAYER
67	0:0:7.3.5	QUEUE	ready PLAYER
67	0:0:7.4.0	TASK	run PLAYER
68	0:0:7.4.0	QUEUE	ready PLAYER
68	0:0:7.4.1	TASK	run PLAYER
69	0:0:7.4.1	QUEUE	ready PLAYER
69	0:0:7.4.2	TASK	run PLAYER
69	0:0:7.4.2	LINE	"ATTACK RIGHT"
69	0:0:7.4.2	EXERT	damage=42
69	0:0:7.4.2	SOUND	class=4
69	0:0:7.4.2	DARK	roll=246
70	0:0:7.4.2	QUEUE	ready PLAYER
70	0:0:7.4.3	TASK	run PLAYER
71	0:0:7.4.3	QUEUE	ready PLAYER
71	0:0:7.4.4	TASK	run PLAYER
72	0:0:7.4.4	QUEUE	ready PLAYER
72	0:0:7.4.5	TASK	run PLAYER
73	0:0:7.4.5	QUEUE	ready PLAYER
73	0:0:7.4.0	QUEUE	ready LUKNEW
73	0:0:7.5.0	TASK	run PLAYER
73	0:0:7.5.0	TASK	run LUKNEW
74	0:0:7.5.0	QUEUE	ready PLAYER
74	0:0:7.5.1	TASK	run PLAYER
75	0:0:7.5.1	QUEUE	ready PLAYER
75	0:0:7.5.2	TASK	run PLAYER
76	0:0:7.5.2	QUEUE	ready HSLOW
76	0:0:7.5.2	QUEUE	ready PLAYER
76	0:0:7.5.3	TASK	run HSLOW
76	0:0:7.5.3	TASK	run PLAYER
77	0:0:7.5.3	QUEUE	ready PLAYER
77	0:0:7.5.4	TASK	run PLAYER
78	0:0:7.5.4	QUEUE	ready PLAYER
78	0:0:7.5.5	TASK	run PLAYER
79	0:0:7.5.5	QUEUE	ready PLAYER
79	0:0:7.6.0	TASK	run PLAYER
80	0:0:7.6.0	QUEUE	ready PLAYER
80	0:0:7.6.1	TASK	run PLAYER
81	0:0:7.6.1	QUEUE	ready PLAYER
81	0:0:7.6.2	TASK	run PLAYER
82	0:0:7.6.2	QUEUE	ready PLAYER
82	0:0:7.6.3	TASK	run PLAYER
83	0:0:7.6.3	QUEUE	ready PLAYER
83	0:0:7.6.4	TASK	run PLAYER
84	0:0:7.6.4	QUEUE	ready PLAYER
84	0:0:7.6.5	TASK	run PLAYER
84	0:0:7.6.5	LINE	"ATTACK RIGHT"
84	0:0:7.6.5	EXERT	damage=42
84	0:0:7.6.5	SOUND	class=4
84	0:0:7.6.5	DARK	roll=110
85	0:0:7.6.5	QUEUE	ready PLAYER
85	0:0:7.6.0	QUEUE	ready CMOVE-6
85	0:0:7.6.0	QUEUE	ready CMOVE-7
85	0:0:7.6.0	QUEUE	ready CMOVE-8
85	0:0:7.6.0	QUEUE	ready CMOVE-9
85	0:0:7.6.0	QUEUE	ready CMOVE-10
85	0:0:7.6.0	QUEUE	ready CMOVE-11
85	0:0:7.6.0	QUEUE	ready CMOVE-12
85	0:0:7.6.0	QUEUE	ready CMOVE-13
85	0:0:7.6.0	QUEUE	ready CMOVE-14
85	0:0:7.7.0	TASK	run PLAYER
85	0:0:7.7.0	TASK	run CMOVE-6
85	0:0:7.7.0	TASK	run CMOVE-7
85	0:0:7.7.0	TASK	run CMOVE-8
85	0:0:7.7.0	SOUND	slot=8 type=1 vol=100
85	0:0:7.7.0	LOOK	slot=8
85	0:0:7.7.0	TASK	run CMOVE-9
85	0:0:7.7.0	SOUND	slot=9 silent
85	0:0:7.7.0	LOOK	slot=9
85	0:0:7.7.0	TASK	run CMOVE-10
85	0:0:7.7.0	TASK	run CMOVE-11
85	0:0:7.7.0	TASK	run CMOVE-12
85	0:0:7.7.0	TASK	run CMOVE-13
85	0:0:7.7.0	TASK	run CMOVE-14
86	0:0:7.7.0	QUEUE	ready PLAYER
86	0:0:7.7.1	TASK	run PLAYER
87	0:0:7.7.1	QUEUE	ready PLAYER
87	0:0:7.7.2	TASK	run PLAYER
88	0:0:7.7.2	QUEUE	ready PLAYER
88	0:0:7.7.3	TASK	run PLAYER
89	0:0:7.7.3	QUEUE	ready PLAYER
89	0:0:7.7.4	TASK	run PLAYER
90	0:0:7.7.4	QUEUE	ready PLAYER
90	0:0:7.7.5	TASK	run PLAYER
91	0:0:7.7.5	QUEUE	ready PLAYER
91	0:0:7.7.0	QUEUE	ready LUKNEW
91	0:0:7.8.0	TASK	run PLAYER
91	0:0:7.8.0	TASK	run LUKNEW
92	0:0:7.8.0	QUEUE	ready PLAYER
92	0:0:7.8.1	TASK	run PLAYER
93	0:0:7.8.1	QUEUE	ready PLAYER
93	0:0:7.8.2	TASK	run PLAYER
94	0:0:7.8.2	QUEUE	ready PLAYER
94	0:0:7.8.3	TASK	run PLAYER
95	0:0:7.8.3	QUEUE	ready PLAYER
95	0:0:7.8.4	TASK	run PLAYER
96	0:0:7.8.4	QUEUE	ready PLAYER
96	0:0:7.8.5	TASK	run PLAYER
97	0:0:7.8.5	QUEUE	ready PLAYER
97	0:0:7.9.0	TASK	run PLAYER
98	0:0:7.9.0	QUEUE	ready PLAYER
98	0:0:7.9.1	TASK	run PLAYER
99	0:0:7.9.1	QUEUE	ready HSLOW
99	0:0:7.9.1	QUEUE	ready PLAYER
99	0:0:7.9.2	TASK	run HSLOW
99	0:0:7.9.2	TASK	run PLAYER
99	0:0:7.9.2	LINE	"ATTACK RIGHT"
99	0:0:7.9.2	EXERT	damage=42
99	0:0:7.9.2	SOUND	class=4
99	0:0:7.9.2	DARK	roll=19
100	0:0:7.9.2	QUEUE	ready PLAYER
100	0:0:7.9.3	TASK	run PLAYER
101	0:0:7.9.3	QUEUE	ready PLAYER
101	0:0:7.9.4	TASK	run PLAYER
102	0:0:7.9.4	QUEUE	ready PLAYER
102	0:0:7.9.5	TASK	run PLAYER
103	0:0:7.9.5	QUEUE	ready PLAYER
103	0:0:8.0.0	TASK	run PLAYER
104	0:0:8.0.0	QUEUE	ready PLAYER
104	0:0:8.0.1	TASK	run PLAYER
105	0:0:8.0.1	QUEUE	ready PLAYER
105	0:0:8.0.2	TASK	run PLAYER
106	0:0:8.0.2	QUEUE	ready PLAYER
106	0:0:8.0.3	TASK	run PLAYER
107	0:0:8.0.3	QUEUE	ready PLAYER
107	0:0:8.0.4	TASK	run PLAYER
108	0:0:8.0.4	QUEUE	ready PLAYER
108	0:0:8.0.5	TASK	run PLAYER
109	0:0:8.0.5	QUEUE	ready PLAYER
109	0:0:8.0.0	QUEUE	ready LUKNEW
109	0:0:8.1.0	TASK	run PLAYER
109	0:0:8.1.0	TASK	run LUKNEW
110	0:0:8.1.0	QUEUE	ready PLAYER
110	0:0:8.1.1	TASK	run PLAYER
111	0:0:8.1.1	QUEUE	ready PLAYER
111	0:0:8.1.2	TASK	run PLAYER
112	0:0:8.1.2	QUEUE	ready PLAYER
112	0:0:8.1.3	TASK	run PLAYER
113	0:0:8.1.3	QUEUE	ready PLAYER
113	0:0:8.1.4	TASK	run PLAYER
114	0:0:8.1.4	QUEUE	ready PLAYER
114	0:0:8.1.5	TASK	run PLAYER
114	0:0:8.1.5	LINE	"ATTACK RIGHT"
114	0:0:8.1.5	EXERT	damage=42
114	0:0:8.1.5	SOUND	class=4
114	0:0:8.1.5	DARK	roll=122
115	0:0:8.1.5	QUEUE	ready PLAYER
115	0:0:8.2.0	TASK	run PLAYER
116	0:0:8.2.0	QUEUE	ready PLAYER
116	0:0:8.2.1	TASK	run PLAYER
117	0:0:8.2.1	QUEUE	ready PLAYER
117	0:0:8.2.2	TASK	run PLAYER
118	0:0:8.2.2	QUEUE	ready PLAYER
118	0:0:8.2.3	TASK	run PLAYER
119	0:0:8.2.3	QUEUE	ready PLAYER
119	0:0:8.2.4	TASK	run PLAYER
120	0:0:8.2.4	QUEUE	ready PLAYER
120	0:0:8.2.5	TASK	run PLAYER
121	0:0:8.2.5	QUEUE	ready PLAYER
121	0:0:8.3.0	TASK	run PLAYER
122	0:0:8.3.0	QUEUE	ready HSLOW
122	0:0:8.3.0	QUEUE	ready PLAYER
122	0:0:8.3.1	TASK	run HSLOW
122	0:0:8.3.1	TASK	run PLAYER
123	0:0:8.3.1	QUEUE	ready PLAYER
123	0:0:8.3.2	TASK	run PLAYER
124	0:0:8.3.2	QUEUE	ready PLAYER
124	0:0:8.3.3	TASK	run PLAYER
125	0:0:8.3.3	QUEUE	ready PLAYER
125	0:0:8.3.4	TASK	run PLAYER
126	0:0:8.3.4	QUEUE	ready PLAYER
126	0:0:8.3.5	TASK	run PLAYER
127	0:0:8.3.5	QUEUE	ready PLAYER
127	0:0:8.3.0	QUEUE	ready LUKNEW
127	0:0:8.4.0	TASK	run PLAYER
127	0:0:8.4.0	TASK	run LUKNEW
128	0:0:8.4.0	QUEUE	ready PLAYER
128	0:0:8.4.1	TASK	run PLAYER
129	0:0:8.4.1	QUEUE	ready PLAYER
129	0:0:8.4.2	TASK	run PLAYER
129	0:0:8.4.2	LINE	"ATTACK RIGHT"
129	0:0:8.4.2	EXERT	damage=42
129	0:0:8.4.2	SOUND	class=4
129	0:0:8.4.2	HIT	slot=16
129	0:0:8.4.2	SOUND	A$KLK2
129	0:0:8.4.2	DIALOGUE	!!!
129	0:0:8.4.2	DAMAGE	slot=16 damage=11
130	0:0:8.4.2	QUEUE	ready PLAYER
130	0:0:8.4.3	TASK	run PLAYER
131	0:0:8.4.3	QUEUE	ready PLAYER
131	0:0:8.4.4	TASK	run PLAYER
132	0:0:8.4.4	QUEUE	ready PLAYER
132	0:0:8.4.5	TASK	run PLAYER
133	0:0:8.4.5	QUEUE	ready PLAYER
133	0:0:8.4.0	QUEUE	ready CMOVE-15
133	0:0:8.4.0	QUEUE	ready CMOVE-16
133	0:0:8.4.0	QUEUE	ready CMOVE-17
133	0:0:8.4.0	QUEUE	ready CMOVE-18
133	0:0:8.4.0	QUEUE	ready CMOVE-19
133	0:0:8.4.0	QUEUE	ready CMOVE-20
133	0:0:8.4.0	QUEUE	ready CMOVE-21
133	0:0:8.4.0	QUEUE	ready CMOVE-22
133	0:0:8.4.0	QUEUE	ready CMOVE-23
133	0:0:8.5.0	TASK	run PLAYER
133	0:0:8.5.0	TASK	run CMOVE-15
133	0:0:8.5.0	TASK	run CMOVE-16
133	0:0:8.5.0	SOUND	slot=16 type=0 vol=255
133	0:0:8.5.0	MISS	slot=16 roll=116
133	0:0:8.5.0	TASK	run CMOVE-17
133	0:0:8.5.0	SOUND	slot=17 type=0 vol=38
133	0:0:8.5.0	LOOK	slot=17
133	0:0:8.5.0	TASK	run CMOVE-18
133	0:0:8.5.0	TASK	run CMOVE-19
133	0:0:8.5.0	TASK	run CMOVE-20
133	0:0:8.5.0	TASK	run CMOVE-21
133	0:0:8.5.0	TASK	run CMOVE-22
133	0:0:8.5.0	TASK	run CMOVE-23
134	0:0:8.5.0	QUEUE	ready PLAYER
134	0:0:8.5.1	TASK	run PLAYER
135	0:0:8.5.1	QUEUE	ready PLAYER
135	0:0:8.5.2	TASK	run PLAYER
136	0:0:8.5.2	QUEUE	ready PLAYER
136	0:0:8.5.3	TASK	run PLAYER
137	0:0:8.5.3	QUEUE	ready PLAYER
137	0:0:8.5.4	TASK	run PLAYER
138	0:0:8.5.4	QUEUE	ready PLAYER
138	0:0:8.5.5	TASK	run PLAYER
139	0:0:8.5.5	QUEUE	ready PLAYER
139	0:0:8.6.0	TASK	run PLAYER
140	0:0:8.6.0	QUEUE	ready PLAYER
140	0:0:8.6.1	TASK	run PLAYER
141	0:0:8.6.1	QUEUE	ready PLAYER
141	0:0:8.6.2	TASK	run PLAYER
142	0:0:8.6.2	QUEUE	ready PLAYER
142	0:0:8.6.3	TASK	run PLAYER
143	0:0:8.6.3	QUEUE	ready PLAYER
143	0:0:8.6.4	TASK	run PLAYER
144	0:0:8.6.4	QUEUE	ready PLAYER
144	0:0:8.6.5	TASK	run PLAYER
144	0:0:8.6.5	LINE	"ATTACK RIGHT"
144	0:0:8.6.5	EXERT	damage=42
144	0:0:8.6.5	SOUND	class=4
144	0:0:8.6.5	DARK	roll=30
145	0:0:8.6.5	QUEUE	ready HSLOW
145	0:0:8.6.5	QUEUE	ready PLAYER
145	0:0:8.6.0	QUEUE	ready LUKNEW
145	0:0:8.7.0	TASK	run HSLOW
145	0:0:8.7.0	TASK	run PLAYER
145	0:0:8.7.0	TASK	run LUKNEW
146	0:0:8.7.0	QUEUE	ready PLAYER
146	0:0:8.7.1	TASK	run PLAYER
147	0:0:8.7.1	QUEUE	ready PLAYER
147	0:0:8.7.2	TASK	run PLAYER
148	0:0:8.7.2	QUEUE	ready PLAYER
148	0:0:8.7.3	TASK	run PLAYER
149	0:0:8.7.3	QUEUE	ready PLAYER
149	0:0:8.7.4	TASK	run PLAYER
150	0:0:8.7.4	QUEUE	ready PLAYER
150	0:0:8.7.5	TASK	run PLAYER
151	0:0:8.7.5	QUEUE	ready PLAYER
151	0:0:8.8.0	TASK	run PLAYER
152	0:0:8.8.0	QUEUE	ready PLAYER
152	0:0:8.8.1	TASK	run PLAYER
153	0:0:8.8.1	QUEUE	ready PLAYER
153	0:0:8.8.2	TASK	run PLAYER
154	0:0:8.8.2	QUEUE	ready PLAYER
154	0:0:8.8.3	TASK	run PLAYER
155	0:0:8.8.3	QUEUE	ready PLAYER
155	0:0:8.8.4	TASK	run PLAYER
156	0:0:8.8.4	QUEUE	ready PLAYER
156	0:0:8.8.5	TASK	run PLAYER
157	0:0:8.8.5	QUEUE	ready PLAYER
157	0:0:8.9.0	TASK	run PLAYER
158	0:0:8.9.0	QUEUE	ready PLAYER
158	0:0:8.9.1	TASK	run PLAYER
159	0:0:8.9.1	QUEUE	ready PLAYER
159	0:0:8.9.2	TASK	run PLAYER
159	0:0:8.9.2	LINE	"ATTACK RIGHT"
159	0:0:8.9.2	EXERT	damage=42
159	0:0:8.9.2	SOUND	class=4
159	0:0:8.9.2	HIT	slot=16
159	0:0:8.9.2	SOUND	A$KLK2
159	0:0:8.9.2	DIALOGUE	!!!
159	0:0:8.9.2	DAMAGE	slot=16 damage=22
160	0:0:8.9.2	QUEUE	ready PLAYER
160	0:0:8.9.3	TASK	run PLAYER
161	0:0:8.9.3	QUEUE	ready PLAYER
161	0:0:8.9.4	TASK	run PLAYER
162	0:0:8.9.4	QUEUE	ready PLAYER
162	0:0:8.9.5	TASK	run PLAYER
163	0:0:8.9.5	QUEUE	ready PLAYER
163	0:0:8.9.0	QUEUE	ready LUKNEW
163	0:0:9.0.0	TASK	run PLAYER
163	0:0:9.0.0	TASK	run LUKNEW
164	0:0:9.0.0	QUEUE	ready PLAYER
164	0:0:9.0.1	TASK	run PLAYER
165	0:0:9.0.1	QUEUE	ready PLAYER
165	0:0:9.0.2	TASK	run PLAYER
166	0:0:9.0.2	QUEUE	ready PLAYER
166	0:0:9.0.3	TASK	run PLAYER
167	0:0:9.0.3	QUEUE	ready PLAYER
167	0:0:9.0.4	TASK	run PLAYER
168	0:0:9.0.4	QUEUE	ready HSLOW
168	0:0:9.0.4	QUEUE	ready PLAYER
168	0:0:9.0.5	TASK	run HSLOW
168	0:0:9.0.5	TASK	run PLAYER
169	0:0:9.0.5	QUEUE	ready PLAYER
169	0:0:9.0.0	QUEUE	ready CMOVE-2
169	0:0:9.0.0	QUEUE	ready CMOVE-3
169	0:0:9.0.0	QUEUE	ready CMOVE-4
169	0:0:9.0.0	QUEUE	ready CMOVE-5
169	0:0:9.1.0	TASK	run PLAYER
169	0:0:9.1.0	TASK	run CMOVE-2
169	0:0:9.1.0	TASK	run CMOVE-3
169	0:0:9.1.0	SOUND	slot=3 type=2 vol=162
169	0:0:9.1.0	LOOK	slot=3
169	0:0:9.1.0	TASK	run CMOVE-4
169	0:0:9.1.0	TASK	run CMOVE-5
170	0:0:9.1.0	QUEUE	ready PLAYER
170	0:0:9.1.1	TASK	run PLAYER
171	0:0:9.1.1	QUEUE	ready PLAYER
171	0:0:9.1.2	TASK	run PLAYER
172	0:0:9.1.2	QUEUE	ready PLAYER
172	0:0:9.1.3	TASK	run PLAYER
173	0:0:9.1.3	QUEUE	ready PLAYER
173	0:0:9.1.4	TASK	run PLAYER
174	0:0:9.1.4	QUEUE	ready PLAYER
174	0:0:9.1.5	TASK	run PLAYER
174	0:0:9.1.5	LINE	"ATTACK RIGHT"
174	0:0:9.1.5	EXERT	damage=42
174	0:0:9.1.5	SOUND	class=4
174	0:0:9.1.5	DARK	roll=227
175	0:0:9.1.5	QUEUE	ready PLAYER
175	0:0:9.1.0	QUEUE	ready CMOVE-6
175	0:0:9.1.0	QUEUE	ready CMOVE-7
175	0:0:9.1.0	QUEUE	ready CMOVE-8
175	0:0:9.1.0	QUEUE	ready CMOVE-9
175	0:0:9.1.0	QUEUE	ready CMOVE-10
175	0:0:9.1.0	QUEUE	ready CMOVE-11
175	0:0:9.1.0	QUEUE	ready CMOVE-12
175	0:0:9.1.0	QUEUE	ready CMOVE-13
175	0:0:9.1.0	QUEUE	ready CMOVE-14
175	0:0:9.2.0	TASK	run PLAYER
175	0:0:9.2.0	TASK	run CMOVE-6
175	0:0:9.2.0	TASK	run CMOVE-7
175	0:0:9.2.0	TASK	run CMOVE-8
175	0:0:9.2.0	SOUND	slot=8 silent
175	0:0:9.2.0	LOOK	slot=8
175	0:0:9.2.0	TASK	run CMOVE-9
175	0:0:9.2.0	SOUND	slot=9 type=1 vol=69
175	0:0:9.2.0	LOOK	slot=9
175	0:0:9.2.0	TASK	run CMOVE-10
175	0:0:9.2.0	TASK	run CMOVE-11
175	0:0:9.2.0	TASK	run CMOVE-12
175	0:0:9.2.0	TASK	run CMOVE-13
175	0:0:9.2.0	TASK	run CMOVE-14
176	0:0:9.2.0	QUEUE	ready PLAYER
176	0:0:9.2.1	TASK	run PLAYER
177	0:0:9.2.1	QUEUE	ready PLAYER
177	0:0:9.2.2	TASK	run PLAYER
178	0:0:9.2.2	QUEUE	ready PLAYER
178	0:0:9.2.3	TASK	run PLAYER
179	0:0:9.2.3	QUEUE	ready PLAYER
179	0:0:9.2.4	TASK	run PLAYER
180	0:0:9.2.4	QUEUE	ready PLAYER
180	0:0:9.2.5	TASK	run PLAYER
181	0:0:9.2.5	QUEUE	ready PLAYER
181	0:0:9.2.0	QUEUE	ready CMOVE-0
181	0:0:9.2.0	QUEUE	ready CMOVE-1
181	0:0:9.2.0	QUEUE	ready LUKNEW
181	0:0:9.3.0	TASK	run PLAYER
181	0:0:9.3.0	TASK	run CMOVE-0
181	0:0:9.3.0	TASK	run CMOVE-1
181	0:0:9.3.0	TASK	run LUKNEW
182	0:0:9.3.0	QUEUE	ready PLAYER
182	0:0:9.3.1	TASK	run PLAYER
183	0:0:9.3.1	QUEUE	ready PLAYER
183	0:0:9.3.2	TASK	run PLAYER
184	0:0:9.3.2	QUEUE	ready PLAYER
184	0:0:9.3.3	TASK	run PLAYER
185	0:0:9.3.3	QUEUE	ready PLAYER
185	0:0:9.3.4	TASK	run PLAYER
186	0:0:9.3.4	QUEUE	ready PLAYER
186	0:0:9.3.5	TASK	run PLAYER
187	0:0:9.3.5	QUEUE	ready PLAYER
187	0:0:9.4.0	TASK	run PLAYER
188	0:0:9.4.0	QUEUE	ready PLAYER
188	0:0:9.4.1	TASK	run PLAYER
189	0:0:9.4.1	QUEUE	ready PLAYER
189	0:0:9.4.2	TASK	run PLAYER
189	0:0:9.4.2	LINE	"ATTACK RIGHT"
189	0:0:9.4.2	EXERT	damage=42
189	0:0:9.4.2	SOUND	class=4
189	0:0:9.4.2	DARK	roll=187
190	0:0:9.4.2	QUEUE	ready PLAYER
190	0:0:9.4.3	TASK	run PLAYER
191	0:0:9.4.3	QUEUE	ready HSLOW
191	0:0:9.4.3	QUEUE	ready PLAYER
191	0:0:9.4.4	TASK	run HSLOW
191	0:0:9.4.4	TASK	run PLAYER
192	0:0:9.4.4	QUEUE	ready PLAYER
192	0:0:9.4.5	TASK	run PLAYER
193	0:0:9.4.5	QUEUE	ready PLAYER
193	0:0:9.5.0	TASK	run PLAYER
194	0:0:9.5.0	QUEUE	ready PLAYER
194	0:0:9.5.1	TASK	run PLAYER
195	0:0:9.5.1	QUEUE	ready PLAYER
195	0:0:9.5.2	TASK	run PLAYER
196	0:0:9.5.2	QUEUE	ready PLAYER
196	0:0:9.5.3	TASK	run PLAYER
197	0:0:9.5.3	QUEUE	ready PLAYER
197	0:0:9.5.4	TASK	run PLAYER
198	0:0:9.5.4	QUEUE	ready PLAYER
198	0:0:9.5.5	TASK	run PLAYER
199	0:0:9.5.5	QUEUE	ready PLAYER
199	0:0:9.5.0	QUEUE	ready CMOVE-16
199	0:0:9.5.0	QUEUE	ready LUKNEW
199	0:0:9.6.0	TASK	run PLAYER
199	0:0:9.6.0	TASK	run CMOVE-16
199	0:0:9.6.0	SOUND	slot=16 type=0 vol=255
199	0:0:9.6.0	MISS	slot=16 roll=82
199	0:0:9.6.0	TASK	run LUKNEW
200	0:0:9.6.0	QUEUE	ready PLAYER
200	0:0:9.6.1	TASK	run PLAYER
201	0:0:9.6.1	QUEUE	ready PLAYER
201	0:0:9.6.2	TASK	run PLAYER
202	0:0:9.6.2	QUEUE	ready PLAYER
202	0:0:9.6.3	TASK	run PLAYER
203	0:0:9.6.3	QUEUE	ready PLAYER
203	0:0:9.6.4	TASK	run PLAYER
204	0:0:9.6.4	QUEUE	ready PLAYER
204	0:0:9.6.5	TASK	run PLAYER
204	0:0:9.6.5	LINE	"ATTACK RIGHT"
204	0:0:9.6.5	EXERT	damage=42
204	0:0:9.6.5	SOUND	class=4
204	0:0:9.6.5	DARK	roll=137
205	0:0:9.6.5	QUEUE	ready PLAYER
205	0:0:9.7.0	TASK	run PLAYER
206	0:0:9.7.0	QUEUE	ready PLAYER
206	0:0:9.7.1	TASK	run PLAYER
207	0:0:9.7.1	QUEUE	ready PLAYER
207	0:0:9.7.2	TASK	run PLAYER
208	0:0:9.7.2	QUEUE	ready PLAYER
208	0:0:9.7.3	TASK	run PLAYER
209	0:0:9.7.3	QUEUE	ready PLAYER
209	0:0:9.7.4	TASK	run PLAYER
210	0:0:9.7.4	QUEUE	ready PLAYER
210	0:0:9.7.5	TASK	run PLAYER
211	0:0:9.7.5	QUEUE	ready PLAYER
211	0:0:9.8.0	TASK	run PLAYER
212	0:0:9.8.0	QUEUE	ready PLAYER
212	0:0:9.8.1	TASK	run PLAYER
213	0:0:9.8.1	QUEUE	ready PLAYER
213	0:0:9.8.2	TASK	run PLAYER
214	0:0:9.8.2	QUEUE	ready HSLOW
214	0:0:9.8.2	QUEUE	ready PLAYER
214	0:0:9.8.3	TASK	run HSLOW
214	0:0:9.8.3	TASK	run PLAYER
215	0:0:9.8.3	QUEUE	ready PLAYER
215	0:0:9.8.4	TASK	run PLAYER
216	0:0:9.8.4	QUEUE	ready PLAYER
216	0:0:9.8.5	TASK	run PLAYER
217	0:0:9.8.5	QUEUE	ready PLAYER
217	0:0:9.8.0	QUEUE	ready LUKNEW
217	0:0:9.9.0	TASK	run PLAYER
217	0:0:9.9.0	TASK	run LUKNEW
218	0:0:9.9.0	QUEUE	ready PLAYER
218	0:0:9.9.1	TASK	run PLAYER
219	0:0:9.9.1	QUEUE	ready PLAYER
219	0:0:9.9.2	TASK	run PLAYER
219	0:0:9.9.2	LINE	"ATTACK RIGHT"
219	0:0:9.9.2	EXERT	damage=42
219	0:0:9.9.2	SOUND	class=4
219	0:0:9.9.2	DARK	roll=229
220	0:0:9.9.2	QUEUE	ready PLAYER
220	0:0:9.9.3	TASK	run PLAYER
221	0:0:9.9.3	QUEUE	ready PLAYER
221	0:0:9.9.4	TASK	run PLAYER
222	0:0:9.9.4	QUEUE	ready PLAYER
222	0:0:9.9.5	TASK	run PLAYER
223	0:0:9.9.5	QUEUE	ready PLAYER
223	0:0:10.0.0	TASK	run PLAYER
224	0:0:10.0.0	QUEUE	ready PLAYER
224	0:0:10.0.1	TASK	run PLAYER
225	0:0:10.0.1	QUEUE	ready PLAYER
225	0:0:10.0.2	TASK	run PLAYER
226	0:0:10.0.2	QUEUE	ready PLAYER
226	0:0:10.0.3	TASK	run PLAYER
227	0:0:10.0.3	QUEUE	ready PLAYER
227	0:0:10.0.4	TASK	run PLAYER
228	0:0:10.0.4	QUEUE	ready PLAYER
228	0:0:10.0.5	TASK	run PLAYER
229	0:0:10.0.5	QUEUE	ready PLAYER
229	0:0:10.1.0	TASK	run PLAYER
230	0:0:10.1.0	QUEUE	ready PLAYER
230	0:0:10.1.1	TASK	run PLAYER
231	0:0:10.1.1	QUEUE	ready PLAYER
231	0:0:10.1.2	TASK	run PLAYER
232	0:0:10.1.2	QUEUE	ready PLAYER
232	0:0:10.1.3	TASK	run PLAYER
233	0:0:10.1.3	QUEUE	ready PLAYER
233	0:0:10.1.4	TASK	run PLAYER
234	0:0:10.1.4	QUEUE	ready PLAYER
234	0:0:10.1.5	TASK	run PLAYER
234	0:0:10.1.5	LINE	"ATTACK RIGHT"
234	0:0:10.1.5	EXERT	damage=42
234	0:0:10.1.5	SOUND	class=4
234	0:0:10.1.5	HIT	slot=16
234	0:0:10.1.5	SOUND	A$KLK2
234	0:0:10.1.5	DIALOGUE	!!!
234	0:0:10.1.5	DAMAGE	slot=16 damage=33
234	0:0:10.1.5	KILL	slot=16 type=0 matrix=8
234	0:0:10.1.5	SOUND	A$EXP0
234	0:0:10.1.5	ABSORB	power=164
235	0:0:10.1.5	QUEUE	ready PLAYER
235	0:0:10.1.0	QUEUE	ready LUKNEW
235	0:0:10.2.0	TASK	run PLAYER
235	0:0:10.2.0	TASK	run LUKNEW
236	0:0:10.2.0	QUEUE	ready PLAYER
236	0:0:10.2.1	TASK	run PLAYER
237	0:0:10.2.1	QUEUE	ready HSLOW
237	0:0:10.2.1	QUEUE	ready PLAYER
237	0:0:10.2.2	TASK	run HSLOW
237	0:0:10.2.2	TASK	run PLAYER
238	0:0:10.2.2	QUEUE	ready PLAYER
238	0:0:10.2.3	TASK	run PLAYER
239	0:0:10.2.3	QUEUE	ready PLAYER
239	0:0:10.2.4	TASK	run PLAYER
240	0:0:10.2.4	QUEUE	ready PLAYER
240	0:0:10.2.5	TASK	run PLAYER
241	0:0:10.2.5	QUEUE	ready PLAYER
241	0:0:10.3.0	TASK	run PLAYER
242	0:0:10.3.0	QUEUE	ready PLAYER
242	0:0:10.3.1	TASK	run PLAYER
243	0:0:10.3.1	QUEUE	ready PLAYER
243	0:0:10.3.2	TASK	run PLAYER
244	0:0:10.3.2	QUEUE	ready PLAYER
244	0:0:10.3.3	TASK	run PLAYER
245	0:0:10.3.3	QUEUE	ready PLAYER
245	0:0:10.3.4	TASK	run PLAYER
246	0:0:10.3.4	QUEUE	ready PLAYER
246	0:0:10.3.5	TASK	run PLAYER
247	0:0:10.3.5	QUEUE	ready PLAYER
247	0:0:10.4.0	TASK	run PLAYER
248	0:0:10.4.0	QUEUE	ready PLAYER
248	0:0:10.4.1	TASK	run PLAYER
249	0:0:10.4.1	QUEUE	ready PLAYER
249	0:0:10.4.2	TASK	run PLAYER
250	0:0:10.4.2	QUEUE	ready PLAYER
250	0:0:10.4.3	TASK	run PLAYER
251	0:0:10.4.3	QUEUE	ready PLAYER
251	0:0:10.4.4	TASK	run PLAYER
252	0:0:10.4.4	QUEUE	ready PLAYER
252	0:0:10.4.5	TASK	run PLAYER
253	0:0:10.4.5	QUEUE	ready PLAYER
253	0:0:10.4.0	QUEUE	ready LUKNEW
253	0:0:10.5.0	TASK	run PLAYER
253	0:0:10.5.0	TASK	run LUKNEW
254	0:0:10.5.0	QUEUE	ready PLAYER
254	0:0:10.5.1	TASK	run PLAYER
255	0:0:10.5.1	QUEUE	ready PLAYER
255	0:0:10.5.2	TASK	run PLAYER
256	0:0:10.5.2	QUEUE	ready PLAYER
256	0:0:10.5.3	TASK	run PLAYER
257	0:0:10.5.3	QUEUE	ready PLAYER
257	0:0:10.5.4	TASK	run PLAYER
258	0:0:10.5.4	QUEUE	ready PLAYER
258	0:0:10.5.5	TASK	run PLAYER
259	0:0:10.5.5	QUEUE	ready PLAYER
259	0:0:10.6.0	TASK	run PLAYER
260	0:0:10.6.0	QUEUE	ready PLAYER
260	0:0:10.6.1	TASK	run PLAYER
261	0:0:10.6.1	QUEUE	ready HSLOW
261	0:0:10.6.1	QUEUE	ready PLAYER
261	0:0:10.6.2	TASK	run HSLOW
261	0:0:10.6.2	TASK	run PLAYER
262	0:0:10.6.2	QUEUE	ready PLAYER
262	0:0:10.6.3	TASK	run PLAYER
263	0:0:10.6.3	QUEUE	ready PLAYER
263	0:0:10.6.4	TASK	run PLAYER
264	0:0:10.6.4	QUEUE	ready PLAYER
264	0:0:10.6.5	TASK	run PLAYER
265	0:0:10.6.5	QUEUE	ready PLAYER
265	0:0:10.6.0	QUEUE	ready CMOVE-6
265	0:0:10.6.0	QUEUE	ready CMOVE-7
265	0:0:10.6.0	QUEUE	ready CMOVE-8
265	0:0:10.6.0	QUEUE	ready CMOVE-9
265	0:0:10.6.0	QUEUE	ready CMOVE-10
265	0:0:10.6.0	QUEUE	ready CMOVE-11
265	0:0:10.6.0	QUEUE	ready CMOVE-12
265	0:0:10.6.0	QUEUE	ready CMOVE-13
265	0:0:10.6.0	QUEUE	ready CMOVE-14
265	0:0:10.6.0	QUEUE	ready CMOVE-16
265	0:0:10.7.0	TASK	run PLAYER
265	0:0:10.7.0	TASK	run CMOVE-6
265	0:0:10.7.0	TASK	run CMOVE-7
265	0:0:10.7.0	TASK	run CMOVE-8
265	0:0:10.7.0	SOUND	slot=8 silent
265	0:0:10.7.0	LOOK	slot=8
265	0:0:10.7.0	TASK	run CMOVE-9
265	0:0:10.7.0	SOUND	slot=9 type=1 vol=69
265	0:0:10.7.0	LOOK	slot=9
265	0:0:10.7.0	TASK	run CMOVE-10
265	0:0:10.7.0	TASK	run CMOVE-11
265	0:0:10.7.0	TASK	run CMOVE-12
265	0:0:10.7.0	TASK	run CMOVE-13
265	0:0:10.7.0	TASK	run CMOVE-14
265	0:0:10.7.0	TASK	run CMOVE-16
266	0:0:10.7.0	QUEUE	ready PLAYER
266	0:0:10.7.1	TASK	run PLAYER
267	0:0:10.7.1	QUEUE	ready PLAYER
267	0:0:10.7.2	TASK	run PLAYER
268	0:0:10.7.2	QUEUE	ready PLAYER
268	0:0:10.7.3	TASK	run PLAYER
269	0:0:10.7.3	QUEUE	ready PLAYER
269	0:0:10.7.4	TASK	run PLAYER
270	0:0:10.7.4	QUEUE	ready PLAYER
270	0:0:10.7.5	TASK	run PLAYER
271	0:0:10.7.5	QUEUE	ready PLAYER
271	0:0:10.7.0	QUEUE	ready CMOVE-15
271	0:0:10.7.0	QUEUE	ready CMOVE-17
271	0:0:10.7.0	QUEUE	ready CMOVE-18
271	0:0:10.7.0	QUEUE	ready CMOVE-19
271	0:0:10.7.0	QUEUE	ready CMOVE-20
271	0:0:10.7.0	QUEUE	ready CMOVE-21
271	0:0:10.7.0	QUEUE	ready CMOVE-22
271	0:0:10.7.0	QUEUE	ready CMOVE-23
271	0:0:10.7.0	QUEUE	ready LUKNEW
271	0:0:10.8.0	TASK	run PLAYER
271	0:0:10.8.0	TASK	run CMOVE-15
271	0:0:10.8.0	TASK	run CMOVE-17
271	0:0:10.8.0	SOUND	slot=17 silent
271	0:0:10.8.0	LOOK	slot=17
271	0:0:10.8.0	TASK	run CMOVE-18
271	0:0:10.8.0	TASK	run CMOVE-19
271	0:0:10.8.0	TASK	run CMOVE-20
271	0:0:10.8.0	TASK	run CMOVE-21
271	0:0:10.8.0	TASK	run CMOVE-22
271	0:0:10.8.0	TASK	run CMOVE-23
271	0:0:10.8.0	SOUND	slot=23 type=0 vol=69
271	0:0:10.8.0	LOOK	slot=23
271	0:0:10.8.0	TASK	run LUKNEW
272	0:0:10.8.0	QUEUE	ready PLAYER
272	0:0:10.8.1	TASK	run PLAYER
273	0:0:10.8.1	QUEUE	ready PLAYER
273	0:0:10.8.2	TASK	run PLAYER
274	0:0:10.8.2	QUEUE	ready PLAYER
274	0:0:10.8.3	TASK	run PLAYER
275	0:0:10.8.3	QUEUE	ready PLAYER
275	0:0:10.8.4	TASK	run PLAYER
276	0:0:10.8.4	QUEUE	ready PLAYER
276	0:0:10.8.5	TASK	run PLAYER
277	0:0:10.8.5	QUEUE	ready PLAYER
277	0:0:10.9.0	TASK	run PLAYER
278	0:0:10.9.0	QUEUE	ready PLAYER
278	0:0:10.9.1	TASK	run PLAYER
279	0:0:10.9.1	QUEUE	ready PLAYER
279	0:0:10.9.2	TASK	run PLAYER
280	0:0:10.9.2	QUEUE	ready PLAYER
280	0:0:10.9.3	TASK	run PLAYER
281	0:0:10.9.3	QUEUE	ready PLAYER
281	0:0:10.9.4	TASK	run PLAYER
282	0:0:10.9.4	QUEUE	ready PLAYER
282	0:0:10.9.5	TASK	run PLAYER
283	0:0:10.9.5	QUEUE	ready PLAYER
283	0:0:11.0.0	TASK	run PLAYER
284	0:0:11.0.0	QUEUE	ready PLAYER
284	0:0:11.0.1	TASK	run PLAYER
285	0:0:11.0.1	QUEUE	ready HSLOW
285	0:0:11.0.1	QUEUE	ready PLAYER
285	0:0:11.0.2	TASK	run HSLOW
285	0:0:11.0.2	TASK	run PLAYER
286	0:0:11.0.2	QUEUE	ready PLAYER
286	0:0:11.0.3	TASK	run PLAYER
287	0:0:11.0.3	QUEUE	ready PLAYER
287	0:0:11.0.4	TASK	run PLAYER
288	0:0:11.0.4	QUEUE	ready PLAYER
288	0:0:11.0.5	TASK	run PLAYER
289	0:0:11.0.5	QUEUE	ready PLAYER
289	0:0:11.0.0	QUEUE	ready LUKNEW
289	0:0:11.1.0	TASK	run PLAYER
289	0:0:11.1.0	TASK	run LUKNEW
290	0:0:11.1.0	QUEUE	ready PLAYER
290	0:0:11.1.1	TASK	run PLAYER
291	0:0:11.1.1	QUEUE	ready PLAYER
291	0:0:11.1.2	TASK	run PLAYER
292	0:0:11.1.2	QUEUE	ready PLAYER
292	0:0:11.1.3	TASK	run PLAYER
293	0:0:11.1.3	QUEUE	ready PLAYER
293	0:0:11.1.4	TASK	run PLAYER
294	0:0:11.1.4	QUEUE	ready PLAYER
294	0:0:11.1.5	TASK	run PLAYER
295	0:0:11.1.5	QUEUE	ready PLAYER
295	0:0:11.2.0	TASK	run PLAYER
296	0:0:11.2.0	QUEUE	ready PLAYER
296	0:0:11.2.1	TASK	run PLAYER
297	0:0:11.2.1	QUEUE	ready PLAYER
297	0:0:11.2.2	TASK	run PLAYER
298	0:0:11.2.2	QUEUE	ready PLAYER
298	0:0:11.2.3	TASK	run PLAYER
299	0:0:11.2.3	QUEUE	ready PLAYER
299	0:0:11.2.4	TASK	run PLAYER
300	0:0:11.2.4	QUEUE	ready PLAYER
300	0:0:11.2.5	TASK	run PLAYER
# final	row=12	col=9	dir=3	damage=42
