# jiffy	clock	event	detail
0	0:0:6.2.5	INIT	level=0 row=16 col=11 dir=N second=6
1	0:0:6.3.0	TASK	run PLAYER
1	0:0:6.3.0	TASK	run LUKNEW
1	0:0:6.3.0	TASK	run HSLOW
1	0:0:6.3.0	TASK	run BURNER
1	0:0:6.3.0	TASK	run CREGEN
2	0:0:6.3.0	QUEUE	ready PLAYER
2	0:0:6.3.1	TASK	run PLAYER
3	0:0:6.3.1	QUEUE	ready PLAYER
3	0:0:6.3.2	TASK	run PLAYER
4	0:0:6.3.2	QUEUE	ready PLAYER
4	0:0:6.3.3	TASK	run PLAYER
5	0:0:6.3.3	QUEUE	ready PLAYER
5	0:0:6.3.4	TASK	run PLAYER
6	0:0:6.3.4	QUEUE	ready PLAYER
6	0:0:6.3.5	TASK	run PLAYER
6	0:0:6.3.5	LINE	"T R"
6	0:0:6.3.5	TURN	dir=E
7	0:0:6.3.5	QUEUE	ready PLAYER
7	0:0:6.4.0	SYNC	display swap
8	0:0:6.4.1	TASK	run PLAYER
9	0:0:6.4.1	QUEUE	ready PLAYER
9	0:0:6.4.2	TASK	run PLAYER
10	0:0:6.4.2	QUEUE	ready PLAYER
10	0:0:6.4.3	TASK	run PLAYER
11	0:0:6.4.3	QUEUE	ready PLAYER
11	0:0:6.4.4	TASK	run PLAYER
12	0:0:6.4.4	QUEUE	ready PLAYER
12	0:0:6.4.5	TASK	run PLAYER
13	0:0:6.4.5	QUEUE	ready PLAYER
13	0:0:6.5.0	TASK	run PLAYER
14	0:0:6.5.0	QUEUE	ready PLAYER
14	0:0:6.5.1	TASK	run PLAYER
15	0:0:6.5.1	QUEUE	ready PLAYER
15	0:0:6.5.2	TASK	run PLAYER
16	0:0:6.5.2	QUEUE	ready PLAYER
16	0:0:6.5.3	TASK	run PLAYER
17	0:0:6.5.3	QUEUE	ready PLAYER
17	0:0:6.5.4	TASK	run PLAYER
18	0:0:6.5.4	QUEUE	ready PLAYER
18	0:0:6.5.5	TASK	run PLAYER
19	0:0:6.5.5	QUEUE	ready PLAYER
19	0:0:6.5.0	QUEUE	ready LUKNEW
19	0:0:6.6.0	TASK	run PLAYER
19	0:0:6.6.0	TASK	run LUKNEW
20	0:0:6.6.0	QUEUE	ready PLAYER
20	0:0:6.6.1	TASK	run PLAYER
21	0:0:6.6.1	QUEUE	ready PLAYER
21	0:0:6.6.2	TASK	run PLAYER
22	0:0:6.6.2	QUEUE	ready PLAYER
22	0:0:6.6.3	TASK	run PLAYER
23	0:0:6.6.3	QUEUE	ready PLAYER
23	0:0:6.6.4	TASK	run PLAYER
24	0:0:6.6.4	QUEUE	ready PLAYER
24	0:0:6.6.5	TASK	run PLAYER
25	0:0:6.6.5	QUEUE	ready PLAYER
25	0:0:6.7.0	TASK	run PLAYER
26	0:0:6.7.0	QUEUE	ready PLAYER
26	0:0:6.7.1	TASK	run PLAYER
27	0:0:6.7.1	QUEUE	ready PLAYER
27	0:0:6.7.2	TASK	run PLAYER
28	0:0:6.7.2	QUEUE	ready PLAYER
28	0:0:6.7.3	TASK	run PLAYER
29	0:0:6.7.3	QUEUE	ready PLAYER
29	0:0:6.7.4	TASK	run PLAYER
30	0:0:6.7.4	QUEUE	ready PLAYER
30	0:0:6.7.5	TASK	run PLAYER
31	0:0:6.7.5	QUEUE	ready PLAYER
31	0:0:6.8.0	TASK	run PLAYER
32	0:0:6.8.0	QUEUE	ready PLAYER
32	0:0:6.8.1	TASK	run PLAYER
33	0:0:6.8.1	QUEUE	ready PLAYER
33	0:0:6.8.2	TASK	run PLAYER
34	0:0:6.8.2	QUEUE	ready PLAYER
34	0:0:6.8.3	TASK	run PLAYER
35	0:0:6.8.3	QUEUE	ready PLAYER
35	0:0:6.8.4	TASK	run PLAYER
36	0:0:6.8.4	QUEUE	ready PLAYER
36	0:0:6.8.5	TASK	run PLAYER
37	0:0:6.8.5	QUEUE	ready PLAYER
37	0:0:6.8.0	QUEUE	ready LUKNEW
37	0:0:6.9.0	TASK	run PLAYER
37	0:0:6.9.0	TASK	run LUKNEW
38	0:0:6.9.0	QUEUE	ready PLAYER
38	0:0:6.9.1	TASK	run PLAYER
39	0:0:6.9.1	QUEUE	ready PLAYER
39	0:0:6.9.2	TASK	run PLAYER
40	0:0:6.9.2	QUEUE	ready PLAYER
40	0:0:6.9.3	TASK	run PLAYER
41	0:0:6.9.3	QUEUE	ready PLAYER
41	0:0:6.9.4	TASK	run PLAYER
42	0:0:6.9.4	QUEUE	ready PLAYER
42	0:0:6.9.5	TASK	run PLAYER
43	0:0:6.9.5	QUEUE	ready PLAYER
43	0:0:7.0.0	TASK	run PLAYER
44	0:0:7.0.0	QUEUE	ready PLAYER
44	0:0:7.0.1	TASK	run PLAYER
45	0:0:7.0.1	QUEUE	ready PLAYER
45	0:0:7.0.2	TASK	run PLAYER
46	0:0:7.0.2	QUEUE	ready PLAYER
46	0:0:7.0.3	TASK	run PLAYER
47	0:0:7.0.3	QUEUE	ready PLAYER
47	0:0:7.0.3	QUEUE	ready HSLOW
47	0:0:7.0.4	TASK	run PLAYER
47	0:0:7.0.4	TASK	run HSLOW
48	0:0:7.0.4	QUEUE	ready PLAYER
48	0:0:7.0.5	TASK	run PLAYER
49	0:0:7.0.5	QUEUE	ready PLAYER
49	0:0:7.1.0	TASK	run PLAYER
50	0:0:7.1.0	QUEUE	ready PLAYER
50	0:0:7.1.1	TASK	run PLAYER
51	0:0:7.1.1	QUEUE	ready PLAYER
51	0:0:7.1.2	TASK	run PLAYER
52	0:0:7.1.2	QUEUE	ready PLAYER
52	0:0:7.1.3	TASK	run PLAYER
53	0:0:7.1.3	QUEUE	ready PLAYER
53	0:0:7.1.4	TASK	run PLAYER
54	0:0:7.1.4	QUEUE	ready PLAYER
54	0:0:7.1.5	TASK	run PLAYER
55	0:0:7.1.5	QUEUE	ready PLAYER
55	0:0:7.1.0	QUEUE	ready LUKNEW
55	0:0:7.2.0	TASK	run PLAYER
55	0:0:7.2.0	TASK	run LUKNEW
56	0:0:7.2.0	QUEUE	ready PLAYER
56	0:0:7.2.1	TASK	run PLAYER
57	0:0:7.2.1	QUEUE	ready PLAYER
57	0:0:7.2.2	TASK	run PLAYER
58	0:0:7.2.2	QUEUE	ready PLAYER
58	0:0:7.2.3	TASK	run PLAYER
59	0:0:7.2.3	QUEUE	ready PLAYER
59	0:0:7.2.4	TASK	run PLAYER
60	0:0:7.2.4	QUEUE	ready PLAYER
60	0:0:7.2.5	TASK	run PLAYER
61	0:0:7.2.5	QUEUE	ready PLAYER
61	0:0:7.3.0	TASK	run PLAYER
62	0:0:7.3.0	QUEUE	ready PLAYER
62	0:0:7.3.1	TASK	run PLAYER
63	0:0:7.3.1	QUEUE	ready PLAYER
63	0:0:7.3.2	TASK	run PLAYER
64	0:0:7.3.2	QUEUE	ready PLAYER
64	0:0:7.3.3	TASK	run PLAYER
65	0:0:7.3.3	QUEUE	ready PLAYER
65	0:0:7.3.4	TASK	run PLAYER
66	0:0:7.3.4	QUEUE	ready PLAYER
66	0:0:7.3.5	TASK	run PLAYER
67	0:0:7.3.5	QUEUE	ready PLAYER
67	0:0:7.4.0	TASK	run PLAYER
68	0:0:7.4.0	QUEUE	ready PLAYER
68	0:0:7.4.1	TASK	run PLAYER
69	0:0:7.4.1	QUEUE	ready PLAYER
69	0:0:7.4.2	TASK	run PLAYER
70	0:0:7.4.2	QUEUE	ready PLAYER
70	0:0:7.4.3	TASK	run PLAYER
71	0:0:7.4.3	QUEUE	ready PLAYER
71	0:0:7.4.4	TASK	run PLAYER
72	0:0:7.4.4	QUEUE	ready PLAYER
72	0:0:7.4.5	TASK	run PLAYER
73	0:0:7.4.5	QUEUE	ready PLAYER
73	0:0:7.4.0	QUEUE	ready LUKNEW
73	0:0:7.5.0	TASK	run PLAYER
73	0:0:7.5.0	TASK	run LUKNEW
74	0:0:7.5.0	QUEUE	ready PLAYER
74	0:0:7.5.1	TASK	run PLAYER
75	0:0:7.5.1	QUEUE	ready PLAYER
75	0:0:7.5.2	TASK	run PLAYER
76	0:0:7.5.2	QUEUE	ready PLAYER
76	0:0:7.5.3	TASK	run PLAYER
77	0:0:7.5.3	QUEUE	ready PLAYER
77	0:0:7.5.4	TASK	run PLAYER
78	0:0:7.5.4	QUEUE	ready PLAYER
78	0:0:7.5.5	TASK	run PLAYER
79	0:0:7.5.5	QUEUE	ready PLAYER
79	0:0:7.6.0	TASK	run PLAYER
80	0:0:7.6.0	QUEUE	ready PLAYER
80	0:0:7.6.1	TASK	run PLAYER
81	0:0:7.6.1	QUEUE	ready PLAYER
81	0:0:7.6.2	TASK	run PLAYER
82	0:0:7.6.2	QUEUE	ready PLAYER
82	0:0:7.6.3	TASK	run PLAYER
83	0:0:7.6.3	QUEUE	ready PLAYER
83	0:0:7.6.4	TASK	run PLAYER
84	0:0:7.6.4	QUEUE	ready PLAYER
84	0:0:7.6.5	TASK	run PLAYER
85	0:0:7.6.5	QUEUE	ready PLAYER
85	0:0:7.7.0	TASK	run PLAYER
86	0:0:7.7.0	QUEUE	ready PLAYER
86	0:0:7.7.1	TASK	run PLAYER
87	0:0:7.7.1	QUEUE	ready PLAYER
87	0:0:7.7.2	TASK	run PLAYER
88	0:0:7.7.2	QUEUE	ready PLAYER
88	0:0:7.7.3	TASK	run PLAYER
89	0:0:7.7.3	QUEUE	ready PLAYER
89	0:0:7.7.4	TASK	run PLAYER
90	0:0:7.7.4	QUEUE	ready PLAYER
90	0:0:7.7.5	TASK	run PLAYER
91	0:0:7.7.5	QUEUE	ready PLAYER
91	0:0:7.7.0	QUEUE	ready LUKNEW
91	0:0:7.8.0	TASK	run PLAYER
91	0:0:7.8.0	TASK	run LUKNEW
92	0:0:7.8.0	QUEUE	ready PLAYER
92	0:0:7.8.1	TASK	run PLAYER
93	0:0:7.8.1	QUEUE	ready PLAYER
93	0:0:7.8.1	QUEUE	ready HSLOW
93	0:0:7.8.2	TASK	run PLAYER
93	0:0:7.8.2	TASK	run HSLOW
94	0:0:7.8.2	QUEUE	ready PLAYER
94	0:0:7.8.3	TASK	run PLAYER
95	0:0:7.8.3	QUEUE	ready PLAYER
95	0:0:7.8.4	TASK	run PLAYER
96	0:0:7.8.4	QUEUE	ready PLAYER
96	0:0:7.8.5	TASK	run PLAYER
97	0:0:7.8.5	QUEUE	ready PLAYER
97	0:0:7.9.0	TASK	run PLAYER
98	0:0:7.9.0	QUEUE	ready PLAYER
98	0:0:7.9.1	TASK	run PLAYER
99	0:0:7.9.1	QUEUE	ready PLAYER
99	0:0:7.9.2	TASK	run PLAYER
100	0:0:7.9.2	QUEUE	ready PLAYER
100	0:0:7.9.3	TASK	run PLAYER
101	0:0:7.9.3	QUEUE	ready PLAYER
101	0:0:7.9.4	TASK	run PLAYER
102	0:0:7.9.4	QUEUE	ready PLAYER
102	0:0:7.9.5	TASK	run PLAYER
103	0:0:7.9.5	QUEUE	ready PLAYER
103	0:0:8.0.0	TASK	run PLAYER
104	0:0:8.0.0	QUEUE	ready PLAYER
104	0:0:8.0.1	TASK	run PLAYER
105	0:0:8.0.1	QUEUE	ready PLAYER
105	0:0:8.0.2	TASK	run PLAYER
106	0:0:8.0.2	QUEUE	ready PLAYER
106	0:0:8.0.3	TASK	run PLAYER
107	0:0:8.0.3	QUEUE	ready PLAYER
107	0:0:8.0.4	TASK	run PLAYER
108	0:0:8.0.4	QUEUE	ready PLAYER
108	0:0:8.0.5	TASK	run PLAYER
109	0:0:8.0.5	QUEUE	ready PLAYER
109	0:0:8.0.0	QUEUE	ready LUKNEW
109	0:0:8.1.0	TASK	run PLAYER
109	0:0:8.1.0	TASK	run LUKNEW
110	0:0:8.1.0	QUEUE	ready PLAYER
110	0:0:8.1.1	TASK	run PLAYER
111	0:0:8.1.1	QUEUE	ready PLAYER
111	0:0:8.1.2	TASK	run PLAYER
112	0:0:8.1.2	QUEUE	ready PLAYER
112	0:0:8.1.3	TASK	run PLAYER
113	0:0:8.1.3	QUEUE	ready PLAYER
113	0:0:8.1.4	TASK	run PLAYER
114	0:0:8.1.4	QUEUE	ready PLAYER
114	0:0:8.1.5	TASK	run PLAYER
115	0:0:8.1.5	QUEUE	ready PLAYER
115	0:0:8.2.0	TASK	run PLAYER
116	0:0:8.2.0	QUEUE	ready PLAYER
116	0:0:8.2.1	TASK	run PLAYER
117	0:0:8.2.1	QUEUE	ready PLAYER
117	0:0:8.2.2	TASK	run PLAYER
118	0:0:8.2.2	QUEUE	ready PLAYER
118	0:0:8.2.3	TASK	run PLAYER
119	0:0:8.2.3	QUEUE	ready PLAYER
119	0:0:8.2.4	TASK	run PLAYER
120	0:0:8.2.4	QUEUE	ready PLAYER
120	0:0:8.2.5	TASK	run PLAYER
121	0:0:8.2.5	QUEUE	ready PLAYER
121	0:0:8.3.0	TASK	run PLAYER
122	0:0:8.3.0	QUEUE	ready PLAYER
122	0:0:8.3.1	TASK	run PLAYER
123	0:0:8.3.1	QUEUE	ready PLAYER
123	0:0:8.3.2	TASK	run PLAYER
124	0:0:8.3.2	QUEUE	ready PLAYER
124	0:0:8.3.3	TASK	run PLAYER
125	0:0:8.3.3	QUEUE	ready PLAYER
125	0:0:8.3.4	TASK	run PLAYER
126	0:0:8.3.4	QUEUE	ready PLAYER
126	0:0:8.3.5	TASK	run PLAYER
127	0:0:8.3.5	QUEUE	ready PLAYER
127	0:0:8.3.0	QUEUE	ready LUKNEW
127	0:0:8.4.0	TASK	run PLAYER
127	0:0:8.4.0	TASK	run LUKNEW
128	0:0:8.4.0	QUEUE	ready PLAYER
128	0:0:8.4.1	TASK	run PLAYER
129	0:0:8.4.1	QUEUE	ready PLAYER
129	0:0:8.4.2	TASK	run PLAYER
130	0:0:8.4.2	QUEUE	ready PLAYER
130	0:0:8.4.3	TASK	run PLAYER
131	0:0:8.4.3	QUEUE	ready PLAYER
131	0:0:8.4.4	TASK	run PLAYER
132	0:0:8.4.4	QUEUE	ready PLAYER
132	0:0:8.4.5	TASK	run PLAYER
133	0:0:8.4.5	QUEUE	ready PLAYER
133	0:0:8.5.0	TASK	run PLAYER
134	0:0:8.5.0	QUEUE	ready PLAYER
134	0:0:8.5.1	TASK	run PLAYER
135	0:0:8.5.1	QUEUE	ready PLAYER
135	0:0:8.5.2	TASK	run PLAYER
136	0:0:8.5.2	QUEUE	ready PLAYER
136	0:0:8.5.3	TASK	run PLAYER
137	0:0:8.5.3	QUEUE	ready PLAYER
137	0:0:8.5.4	TASK	run PLAYER
138	0:0:8.5.4	QUEUE	ready PLAYER
138	0:0:8.5.5	TASK	run PLAYER
139	0:0:8.5.5	QUEUE	ready PLAYER
139	0:0:8.5.5	QUEUE	ready HSLOW
139	0:0:8.6.0	TASK	run PLAYER
139	0:0:8.6.0	TASK	run HSLOW
140	0:0:8.6.0	QUEUE	ready PLAYER
140	0:0:8.6.1	TASK	run PLAYER
141	0:0:8.6.1	QUEUE	ready PLAYER
141	0:0:8.6.2	TASK	run PLAYER
142	0:0:8.6.2	QUEUE	ready PLAYER
142	0:0:8.6.3	TASK	run PLAYER
143	0:0:8.6.3	QUEUE	ready PLAYER
143	0:0:8.6.4	TASK	run PLAYER
144	0:0:8.6.4	QUEUE	ready PLAYER
144	0:0:8.6.5	TASK	run PLAYER
145	0:0:8.6.5	QUEUE	ready PLAYER
145	0:0:8.6.0	QUEUE	ready LUKNEW
145	0:0:8.7.0	TASK	run PLAYER
145	0:0:8.7.0	TASK	run LUKNEW
146	0:0:8.7.0	QUEUE	ready PLAYER
146	0:0:8.7.1	TASK	run PLAYER
147	0:0:8.7.1	QUEUE	ready PLAYER
147	0:0:8.7.2	TASK	run PLAYER
148	0:0:8.7.2	QUEUE	ready PLAYER
148	0:0:8.7.3	TASK	run PLAYER
149	0:0:8.7.3	QUEUE	ready PLAYER
149	0:0:8.7.4	TASK	run PLAYER
150	0:0:8.7.4	QUEUE	ready PLAYER
150	0:0:8.7.5	TASK	run PLAYER
151	0:0:8.7.5	QUEUE	ready PLAYER
151	0:0:8.8.0	TASK	run PLAYER
152	0:0:8.8.0	QUEUE	ready PLAYER
152	0:0:8.8.1	TASK	run PLAYER
153	0:0:8.8.1	QUEUE	ready PLAYER
153	0:0:8.8.2	TASK	run PLAYER
154	0:0:8.8.2	QUEUE	ready PLAYER
154	0:0:8.8.3	TASK	run PLAYER
155	0:0:8.8.3	QUEUE	ready PLAYER
155	0:0:8.8.4	TASK	run PLAYER
156	0:0:8.8.4	QUEUE	ready PLAYER
156	0:0:8.8.5	TASK	run PLAYER
157	0:0:8.8.5	QUEUE	ready PLAYER
157	0:0:8.9.0	TASK	run PLAYER
158	0:0:8.9.0	QUEUE	ready PLAYER
158	0:0:8.9.1	TASK	run PLAYER
159	0:0:8.9.1	QUEUE	ready PLAYER
159	0:0:8.9.2	TASK	run PLAYER
160	0:0:8.9.2	QUEUE	ready PLAYER
160	0:0:8.9.3	TASK	run PLAYER
161	0:0:8.9.3	QUEUE	ready PLAYER
161	0:0:8.9.4	TASK	run PLAYER
162	0:0:8.9.4	QUEUE	ready PLAYER
162	0:0:8.9.5	TASK	run PLAYER
163	0:0:8.9.5	QUEUE	ready PLAYER
163	0:0:8.9.0	QUEUE	ready LUKNEW
163	0:0:9.0.0	TASK	run PLAYER
163	0:0:9.0.0	TASK	run LUKNEW
164	0:0:9.0.0	QUEUE	ready PLAYER
164	0:0:9.0.1	TASK	run PLAYER
165	0:0:9.0.1	QUEUE	ready PLAYER
165	0:0:9.0.2	TASK	run PLAYER
166	0:0:9.0.2	QUEUE	ready PLAYER
166	0:0:9.0.3	TASK	run PLAYER
167	0:0:9.0.3	QUEUE	ready PLAYER
167	0:0:9.0.4	TASK	run PLAYER
168	0:0:9.0.4	QUEUE	ready PLAYER
168	0:0:9.0.5	TASK	run PLAYER
169	0:0:9.0.5	QUEUE	ready PLAYER
169	0:0:9.1.0	TASK	run PLAYER
170	0:0:9.1.0	QUEUE	ready PLAYER
170	0:0:9.1.1	TASK	run PLAYER
171	0:0:9.1.1	QUEUE	ready PLAYER
171	0:0:9.1.2	TASK	run PLAYER
172	0:0:9.1.2	QUEUE	ready PLAYER
172	0:0:9.1.3	TASK	run PLAYER
173	0:0:9.1.3	QUEUE	ready PLAYER
173	0:0:9.1.4	TASK	run PLAYER
174	0:0:9.1.4	QUEUE	ready PLAYER
174	0:0:9.1.5	TASK	run PLAYER
175	0:0:9.1.5	QUEUE	ready PLAYER
175	0:0:9.2.0	TASK	run PLAYER
176	0:0:9.2.0	QUEUE	ready PLAYER
176	0:0:9.2.1	TASK	run PLAYER
177	0:0:9.2.1	QUEUE	ready PLAYER
177	0:0:9.2.2	TASK	run PLAYER
178	0:0:9.2.2	QUEUE	ready PLAYER
178	0:0:9.2.3	TASK	run PLAYER
179	0:0:9.2.3	QUEUE	ready PLAYER
179	0:0:9.2.4	TASK	run PLAYER
180	0:0:9.2.4	QUEUE	ready PLAYER
180	0:0:9.2.5	TASK	run PLAYER
181	0:0:9.2.5	QUEUE	ready PLAYER
181	0:0:9.2.0	QUEUE	ready LUKNEW
181	0:0:9.3.0	TASK	run PLAYER
181	0:0:9.3.0	TASK	run LUKNEW
182	0:0:9.3.0	QUEUE	ready PLAYER
182	0:0:9.3.1	TASK	run PLAYER
183	0:0:9.3.1	QUEUE	ready PLAYER
183	0:0:9.3.2	TASK	run PLAYER
184	0:0:9.3.2	QUEUE	ready PLAYER
184	0:0:9.3.3	TASK	run PLAYER
185	0:0:9.3.3	QUEUE	ready PLAYER
185	0:0:9.3.3	QUEUE	ready HSLOW
185	0:0:9.3.4	TASK	run PLAYER
185	0:0:9.3.4	TASK	run HSLOW
186	0:0:9.3.4	QUEUE	ready PLAYER
186	0:0:9.3.5	TASK	run PLAYER
187	0:0:9.3.5	QUEUE	ready PLAYER
187	0:0:9.4.0	TASK	run PLAYER
188	0:0:9.4.0	QUEUE	ready PLAYER
188	0:0:9.4.1	TASK	run PLAYER
189	0:0:9.4.1	QUEUE	ready PLAYER
189	0:0:9.4.2	TASK	run PLAYER
190	0:0:9.4.2	QUEUE	ready PLAYER
190	0:0:9.4.3	TASK	run PLAYER
191	0:0:9.4.3	QUEUE	ready PLAYER
191	0:0:9.4.4	TASK	run PLAYER
192	0:0:9.4.4	QUEUE	ready PLAYER
192	0:0:9.4.5	TASK	run PLAYER
193	0:0:9.4.5	QUEUE	ready PLAYER
193	0:0:9.5.0	TASK	run PLAYER
194	0:0:9.5.0	QUEUE	ready PLAYER
194	0:0:9.5.1	TASK	run PLAYER
195	0:0:9.5.1	QUEUE	ready PLAYER
195	0:0:9.5.2	TASK	run PLAYER
196	0:0:9.5.2	QUEUE	ready PLAYER
196	0:0:9.5.3	TASK	run PLAYER
197	0:0:9.5.3	QUEUE	ready PLAYER
197	0:0:9.5.4	TASK	run PLAYER
198	0:0:9.5.4	QUEUE	ready PLAYER
198	0:0:9.5.5	TASK	run PLAYER
199	0:0:9.5.5	QUEUE	ready PLAYER
199	0:0:9.5.0	QUEUE	ready LUKNEW
199	0:0:9.6.0	TASK	run PLAYER
199	0:0:9.6.0	TASK	run LUKNEW
200	0:0:9.6.0	QUEUE	ready PLAYER
200	0:0:9.6.1	TASK	run PLAYER
# final	row=16	col=11	dir=1	damage=0
